// Jest Snapshot v1, https://goo.gl/fbAQLP

exports[`Header component test should test Header component snapshot 1`] = `ShallowWrapper {}`;
