// Jest Snapshot v1, https://goo.gl/fbAQLP

exports[`Article component test should test Article component snapshot 1`] = `ShallowWrapper {}`;
